// Jest Snapshot v1, https://goo.gl/fbAQLP

exports[`renders Navbar Component 1`] = `
Object {
  "asFragment": [Function],
  "baseElement": <body>
    <div>
       
      <header
        class="header"
      >
        <nav
          class="nav-bar"
        >
          <a
            class="logo"
            href="/"
          >
            <img
              alt="planet"
              src="planet.png"
            />
            <h1>
              Space Traveler's Hub
            </h1>
          </a>
          <div
            class="nav-links"
          >
            <a
              class=""
              href="/rocket"
            >
              Rockets
            </a>
            <a
              class=""
              href="/missions"
            >
              Missions
            </a>
            <a
              class=""
              href="/profile"
            >
              My Profile
            </a>
          </div>
        </nav>
      </header>
    </div>
  </body>,
  "container": <div>
     
    <header
      class="header"
    >
      <nav
        class="nav-bar"
      >
        <a
          class="logo"
          href="/"
        >
          <img
            alt="planet"
            src="planet.png"
          />
          <h1>
            Space Traveler's Hub
          </h1>
        </a>
        <div
          class="nav-links"
        >
          <a
            class=""
            href="/rocket"
          >
            Rockets
          </a>
          <a
            class=""
            href="/missions"
          >
            Missions
          </a>
          <a
            class=""
            href="/profile"
          >
            My Profile
          </a>
        </div>
      </nav>
    </header>
  </div>,
  "debug": [Function],
  "findAllByAltText": [Function],
  "findAllByDisplayValue": [Function],
  "findAllByLabelText": [Function],
  "findAllByPlaceholderText": [Function],
  "findAllByRole": [Function],
  "findAllByTestId": [Function],
  "findAllByText": [Function],
  "findAllByTitle": [Function],
  "findByAltText": [Function],
  "findByDisplayValue": [Function],
  "findByLabelText": [Function],
  "findByPlaceholderText": [Function],
  "findByRole": [Function],
  "findByTestId": [Function],
  "findByText": [Function],
  "findByTitle": [Function],
  "getAllByAltText": [Function],
  "getAllByDisplayValue": [Function],
  "getAllByLabelText": [Function],
  "getAllByPlaceholderText": [Function],
  "getAllByRole": [Function],
  "getAllByTestId": [Function],
  "getAllByText": [Function],
  "getAllByTitle": [Function],
  "getByAltText": [Function],
  "getByDisplayValue": [Function],
  "getByLabelText": [Function],
  "getByPlaceholderText": [Function],
  "getByRole": [Function],
  "getByTestId": [Function],
  "getByText": [Function],
  "getByTitle": [Function],
  "queryAllByAltText": [Function],
  "queryAllByDisplayValue": [Function],
  "queryAllByLabelText": [Function],
  "queryAllByPlaceholderText": [Function],
  "queryAllByRole": [Function],
  "queryAllByTestId": [Function],
  "queryAllByText": [Function],
  "queryAllByTitle": [Function],
  "queryByAltText": [Function],
  "queryByDisplayValue": [Function],
  "queryByLabelText": [Function],
  "queryByPlaceholderText": [Function],
  "queryByRole": [Function],
  "queryByTestId": [Function],
  "queryByText": [Function],
  "queryByTitle": [Function],
  "rerender": [Function],
  "unmount": [Function],
}
`;
