// Jest Snapshot v1, https://goo.gl/fbAQLP

exports[`renders Profile Component 1`] = `
Object {
  "asFragment": [Function],
  "baseElement": <body>
    <div>
      <div
        class="profile"
      >
        <div
          class="profile-missions"
        >
          <h2
            class="profile-rocket-missions"
          >
            My Missions
          </h2>
          <ul>
            <li>
              No Joined Mission 
            </li>
          </ul>
        </div>
        <div
          class="profile-rockets"
        >
          <h2
            class="profile-rocket-header"
          >
            My Rockets
          </h2>
          <ul>
            <li>
              No Rocket Reseverd
            </li>
          </ul>
        </div>
      </div>
    </div>
  </body>,
  "container": <div>
    <div
      class="profile"
    >
      <div
        class="profile-missions"
      >
        <h2
          class="profile-rocket-missions"
        >
          My Missions
        </h2>
        <ul>
          <li>
            No Joined Mission 
          </li>
        </ul>
      </div>
      <div
        class="profile-rockets"
      >
        <h2
          class="profile-rocket-header"
        >
          My Rockets
        </h2>
        <ul>
          <li>
            No Rocket Reseverd
          </li>
        </ul>
      </div>
    </div>
  </div>,
  "debug": [Function],
  "findAllByAltText": [Function],
  "findAllByDisplayValue": [Function],
  "findAllByLabelText": [Function],
  "findAllByPlaceholderText": [Function],
  "findAllByRole": [Function],
  "findAllByTestId": [Function],
  "findAllByText": [Function],
  "findAllByTitle": [Function],
  "findByAltText": [Function],
  "findByDisplayValue": [Function],
  "findByLabelText": [Function],
  "findByPlaceholderText": [Function],
  "findByRole": [Function],
  "findByTestId": [Function],
  "findByText": [Function],
  "findByTitle": [Function],
  "getAllByAltText": [Function],
  "getAllByDisplayValue": [Function],
  "getAllByLabelText": [Function],
  "getAllByPlaceholderText": [Function],
  "getAllByRole": [Function],
  "getAllByTestId": [Function],
  "getAllByText": [Function],
  "getAllByTitle": [Function],
  "getByAltText": [Function],
  "getByDisplayValue": [Function],
  "getByLabelText": [Function],
  "getByPlaceholderText": [Function],
  "getByRole": [Function],
  "getByTestId": [Function],
  "getByText": [Function],
  "getByTitle": [Function],
  "queryAllByAltText": [Function],
  "queryAllByDisplayValue": [Function],
  "queryAllByLabelText": [Function],
  "queryAllByPlaceholderText": [Function],
  "queryAllByRole": [Function],
  "queryAllByTestId": [Function],
  "queryAllByText": [Function],
  "queryAllByTitle": [Function],
  "queryByAltText": [Function],
  "queryByDisplayValue": [Function],
  "queryByLabelText": [Function],
  "queryByPlaceholderText": [Function],
  "queryByRole": [Function],
  "queryByTestId": [Function],
  "queryByText": [Function],
  "queryByTitle": [Function],
  "rerender": [Function],
  "unmount": [Function],
}
`;
